Símbolo         Valor Decimal   Valor Hexadecimal
-------         -------------   -----------------
START                       0                   0
DEADLOOP                  232                  E8
ISR                       234                  EA
NOTTIMER                  300                 12C
NOTKEYBOARD               322                 142
GETCH                     325                 145
SWITCH                    350                 15E
CHKDLLOOP                 358                 166
CHKDLL1                   374                 176
CHKDLEND                  394                 18A
NOTASK                    402                 192
THEREISTASK               408                 198
SWITCHL1                  422                 1A6
SWITCHEND                 442                 1BA
REMOVETASKFROMLIST        443                 1BB
REML1                     490                 1EA
REML2                     496                 1F0
REML3                     504                 1F8
REMEND                    512                 200
REMOVETASKFROMDELAYLIST   513                 201
REMDELL1                  541                 21D
REMDELL2                  545                 221
REMDELL3                  553                 229
REMDELEND                 571                 23B
INSERTTASKINLIST          572                 23C
INSL1                     604                 25C
INSL2                     610                 262
INSL3                     628                 274
INSEND                    640                 280
INSERTTASKINDELAYLIST     641                 281
INSDELL1                  679                 2A7
INSDELL2                  713                 2C9
INSDELLOOP                717                 2CD
INSDELL3                  739                 2E3
INSDELEND                 763                 2FB
SLEEP                     764                 2FC
SLEEPL1                   802                 322
RESUMETASKISR             811                 32B
RESUMETASKEND             845                 34D
RESUMETASK                846                 34E
INITIALIZETASK            859                 35B
CREATETASK                940                 3AC
YIELD                     965                 3C5
YIELDTHEREISTASK         1015                 3F7
YIELDL1                  1029                 405
YIELDEND                 1058                 422
ENTERCRITICALSECTION     1059                 423
EXITCRITICALSECTION      1078                 436
EXITCSL1                 1098                 44A
EXITCSEND                1104                 450
IDLETASK                 1105                 451
IDLETASKLOOP1            1105                 451
IDLETASKL1               1129                 469
TASK1                    1131                 46B
TASK1LOOP                1131                 46B
TASK1L1                  1155                 483
TASK1L2                  1171                 493
TASK2                    1177                 499
TASK2LOOP                1177                 499
TASK2L1                  1201                 4B1
TASK2L2                  1217                 4C1
TASK3                    1223                 4C7
TASK3LOOP                1223                 4C7
TASK3L1                  1247                 4DF
TASK3L2                  1263                 4EF
TASKKBD                  1269                 4F5
TASKKBDLOOP              1269                 4F5
TASKKBDLN1               1303                 517
TASKKBDLN2               1323                 52B
TASKKBDLN3               1343                 53F
TASKKBDLNZ               1381                 565
TASKKBDLNHA              1407                 57F
TASKKBDLNH               1419                 58B
TASKKBDLNMA              1445                 5A5
TASKKBDLNM               1457                 5B1
TASKKBDLNSA              1483                 5CB
TASKKBDLNS               1495                 5D7
TASKKBDLNP               1509                 5E5
TASKKBDLNC               1529                 5F9
TASKKBDRESCLK            1533                 5FD
TASKKBDRESCLK2           1545                 609
DIV10                    1557                 615
LOOPDIV10                1563                 61B
DIV10START               1569                 621
PRINT2DECIMALS           1576                 628
PRINTCHAR                1601                 641
TASKCLK                  1608                 648
TASKCLKLOOP              1608                 648
TASKCLK2                 1678                 68E
TASKCLK2LOOP1            1682                 692
TASKCLK2LOOP2            1688                 698
TASKCLK2L1               1704                 6A8
TASKCLK2L2               1770                 6EA
TASKMSG                  1804                 70C
TASKMSGLOOP1             1808                 710
TASKMSGLOOP2             1814                 716
TASKMSGLOOP3             1820                 71C
MSG                      1872                 750
MSGEND                   2104                 838
TICKHOOK                 2104                 838
ALREADYSWITCHED          2106                 83A
SYSTEMTICK               2108                 83C
CURRENTTASK              2110                 83E
READYTASKS               2112                 840
DELAYEDTASKS             2114                 842
CRITICALSCTCNT           2116                 844
KBDBUFFER                2118                 846
STACKIDLETASK            2120                 848
CONTEXTIDLETASK          2184                 888
CONTEXTTASK1             2200                 898
CONTEXTTASK2             2216                 8A8
CONTEXTTASK3             2232                 8B8
CONTEXTTASKCLK           2248                 8C8
CONTEXTTASKCLK2          2264                 8D8
CONTEXTTASKKBD           2280                 8E8
CONTEXTTASKMSG           2296                 8F8
STACKTASK1               2312                 908
STACKTASK2               2568                 A08
STACKTASK3               2824                 B08
STACKTASKCLK             3080                 C08
STACKTASKCLK2            3336                 D08
STACKTASKKBD             3592                 E08
STACKTASKMSG             3848                 F08
DUMMYCONTEXT             4104                1008
TASK1CNTR                4106                100A
FREERUNNING1             4108                100C
TASK2CNTR                4110                100E
FREERUNNING2             4112                1010
TASK3CNTR                4114                1012
FREERUNNING3             4116                1014
IDLETASKCNTR             4118                1016
HORA                     4120                1018
MINUTO                   4122                101A
SEGUNDO                  4124                101C
PARADO                   4126                101E
