Símbolo         Valor Decimal   Valor Hexadecimal
-------         -------------   -----------------
START                       0                   0
DEADLOOP                   82                  52
ISR                        86                  56
NOTTIMER                  152                  98
NOTKEYBOARD               174                  AE
GETCH                     177                  B1
SWITCH                    202                  CA
CHKDLLOOP                 210                  D2
CHKDLL1                   226                  E2
CHKDLEND                  246                  F6
NOTASK                    254                  FE
THEREISTASK               262                 106
SWITCHL1                  276                 114
SWITCHEND                 296                 128
REMOVETASKFROMLIST        297                 129
REML1                     344                 158
REML2                     350                 15E
REML3                     358                 166
REMEND                    366                 16E
REMOVETASKFROMDELAYLIST   367                 16F
REMDELL1                  397                 18D
REMDELL2                  401                 191
REMDELL3                  409                 199
REMDELEND                 427                 1AB
INSERTTASKINLIST          428                 1AC
INSL1                     460                 1CC
INSL2                     468                 1D4
INSL3                     486                 1E6
INSEND                    498                 1F2
INSERTTASKINDELAYLIST     499                 1F3
INSDELL1                  539                 21B
INSDELL2                  575                 23F
INSDELLOOP                579                 243
INSDELL3                  603                 25B
INSDELEND                 627                 273
SLEEP                     628                 274
SLEEPL1                   666                 29A
SLEEPEND                  674                 2A2
RESUMETASK                675                 2A3
RESUMETASKEND             713                 2C9
INITIALIZETASK            718                 2CE
CREATETASK                799                 31F
YIELD                     824                 338
YIELDTHEREISTASK          876                 36C
YIELDL1                   890                 37A
YIELDEND                  919                 397
ENTERCRITICALSECTION      920                 398
EXITCRITICALSECTION       931                 3A3
EXITCSL1                  943                 3AF
EXITCSEND                 949                 3B5
IDLETASK                  950                 3B6
IDLETASKLOOP1             950                 3B6
IDLETASKL1                950                 3B6
TASK1                     954                 3BA
TASK1LOOP                1122                 462
TASK1L1                  1146                 47A
DIV10                    1166                 48E
LOOPDIV10                1174                 496
DIV10START               1180                 49C
PRINT2DECIMALS           1187                 4A3
PRINTCHAR                1212                 4BC
TASKCLK                  1219                 4C3
TASKCLKLOOP              1233                 4D1
TASKCLKL1                1347                 543
TASKS678                 1375                 55F
TASKS678LOOP             1389                 56D
TASKS678L1               1421                 58D
SPINNER                  1433                 599
TICKHOOK                 1439                 59F
ALREADYSWITCHED          1441                 5A1
SYSTEMTICK               1443                 5A3
CURRENTTASK              1445                 5A5
READYTASKS               1447                 5A7
DELAYEDTASKS             1449                 5A9
CRITICALSCTCNT           1451                 5AB
KBDBUFFER                1453                 5AD
STACKIDLETASK            1455                 5AF
CONTEXTIDLETASK          1519                 5EF
CONTEXTTASK1             1535                 5FF
CONTEXTTASK2             1551                 60F
CONTEXTTASK3             1567                 61F
CONTEXTTASK4             1583                 62F
CONTEXTTASK5             1599                 63F
CONTEXTTASK6             1615                 64F
CONTEXTTASK7             1631                 65F
CONTEXTTASK8             1647                 66F
STACKTASK1               1663                 67F
STACKTASK2               1919                 77F
STACKTASK3               2175                 87F
STACKTASK4               2431                 97F
STACKTASK5               2687                 A7F
STACKTASK6               2943                 B7F
STACKTASK7               3199                 C7F
STACKTASK8               3455                 D7F
DUMMYCONTEXT             3711                 E7F
TASK1CNTR                3713                 E81
TASK2PARAM               3715                 E83
TASK3PARAM               3725                 E8D
TASK4PARAM               3735                 E97
TASK5PARAM               3745                 EA1
